
> nextjs-new@0.1.0 build
> next build

   Γû▓ Next.js 15.5.12
   - Environments: .env.local

   Creating an optimized production build ...
node.exe : Failed to 
compile.
At line:1 char:1
+ & "C:\Program 
Files\nodejs/node.exe" 
"C:\Program 
Files\nodejs/node_mo ...
+ ~~~~~~~~~~~~~~~~~~~~~~~~~
~~~~~~~~~~~~~~~~~~~~~~~~~~~
~~~~~~~~~~~~~~~~~
    + CategoryInfo         
     : NotSpecified: (Fai  
  led to compile.:String   
 ) [], RemoteException
    + FullyQualifiedErrorI 
   d : NativeCommandError
 

./src/app/api/profile/route
.ts
Module not found: Can't 
resolve '@/lib/db'

https://nextjs.org/docs/mes
sages/module-not-found

./src/app/api/profile/route
.ts
Module not found: Can't 
resolve '@/models/User'

https://nextjs.org/docs/mes
sages/module-not-found


> Build failed because of 
webpack errors
