.next/types/app/api/auth/otp/send/route.ts(12,13): error TS2344: Type 'OmitWithTag<typeof import("C:/Users/patra/orchids-projects/cloud-kitchen-menu/src/app/api/auth/otp/send/route"), "POST" | "PUT" | "config" | "generateStaticParams" | "revalidate" | "dynamic" | ... 9 more ... | "PATCH", "">' does not satisfy the constraint '{ [x: string]: never; }'.
  Property 'otpStore' is incompatible with index signature.
    Type 'Map<string, { otp: string; expires: number; }>' is not assignable to type 'never'.
